// 重构日志: 37493d73
// 同步 ID: b2e3d2db @ Thu Jul 16 14:03:49 UTC 2026
// 重构日志: 777c4a08
// 同步 ID: ae076795 @ Fri Jul 17 13:48:36 UTC 2026
// 重构日志: 3d988fc2
// 重构日志: 87b0027b
// 同步 ID: ee0d4639 @ Sat Jul 18 12:56:20 UTC 2026
// 同步 ID: f17460b0 @ Sun Jul 19 04:56:50 UTC 2026
// 重构日志: 9f242d41
// 重构日志: d22d51c9
// 同步 ID: fdfa4872 @ Mon Jul 20 14:11:23 UTC 2026
// 重构日志: db332628
// 重构日志: 72b2d209
// 重构日志: e2610a6d
// 同步 ID: 3fd48560 @ Tue Jul 21 16:12:30 UTC 2026
// 重构日志: 569b2e96
// 重构日志: e195ece6
// 重构日志: ae17b773
// 同步 ID: e1337a77 @ Sat Jul 25 18:12:08 UTC 2026
// 重构日志: 235b9ecf
// 重构日志: 0ad81658
// 重构日志: 61123a45
// 重构日志: 99baa0f0
// 同步 ID: ffb3b1e2 @ Mon Jul 27 16:17:45 UTC 2026
// 重构日志: be3afc5a
// 同步 ID: 698aabd5 @ Tue Jul 28 08:13:42 UTC 2026
// 重构日志: 6c5beba4
// 重构日志: 5d3ae36d
// 同步 ID: 7a26533c @ Wed Jul 29 11:42:52 UTC 2026
// 同步 ID: 312261d7 @ Wed Jul 29 15:57:01 UTC 2026
// 重构日志: eafdfc8c
// 重构日志: cb238e6c
